WARNING: faiss must be imported for indexing
Warning: You are sending unauthenticated requests to the HF Hub. Please set a HF_TOKEN to enable higher rate limits and faster downloads.
Loading weights:   0%|          | 0/199 [00:00<?, ?it/s]Loading weights: 100%|██████████| 199/199 [00:00<00:00, 7670.37it/s]
Use file from /workspace/.hf_home/hub/datasets--snap-stanford--stark/snapshots/88269e23e90587f99476c5dd74e235a0877e69be/qa/prime/stark_qa/stark_qa_human_generated_eval.csv.
0 0 s
500 21 s
1000 41 s
1500 62 s
2000 82 s
2500 102 s
3000 123 s
3500 144 s
4000 164 s
4500 184 s
5000 205 s
5500 225 s
6000 246 s
train: n=6162  answer type found 5939  covered (>=1 usable mention) 5939 (96.4%)
relational-only, all queries (uncovered count as misses): {'hit1': 0.2394, 'hit5': 0.3859, 'recall20': 0.4619, 'mrr': 0.3096}
relational-only, covered queries: {'hit1': 0.2484, 'hit5': 0.4004, 'recall20': 0.4792, 'mrr': 0.3212}
FEATS_DONE
